Microchip MPLAB XC8 Compiler V1.30 ()

Linker command line:

--edf=C:\Program Files\Microchip\xc8\v1.30\dat\en_msgs.txt -cs \
  -h+dist/default/production\FRx.X.production.sym \
  --cmf=dist/default/production\FRx.X.production.cmf -z -Q18F4520 \
  -oC:\Users\MoHiT\AppData\Local\Temp\s3tg.6 \
  -Mdist/default/production/FRx.X.production.map -E1 -ver=XC8 \
  -ASTACK=080h-05ffh -pstack=STACK -ACODE=00h-07FFFh -ACONST=00h-07FFFh \
  -ASMALLCONST=0600h-06FFhx122 -AMEDIUMCONST=0600h-07FFFh -ACOMRAM=01h-07Fh \
  -AABS1=00h-05FFh -ABIGRAM=01h-05FFh -ARAM=080h-0FFh,0100h-01FFhx5 \
  -ABANK0=080h-0FFh -ABANK1=0100h-01FFh -ABANK2=0200h-02FFh \
  -ABANK3=0300h-03FFh -ABANK4=0400h-04FFh -ABANK5=0500h-05FFh \
  -ASFR=0F80h-0FFFh \
  -preset_vec=00h,intcode=08h,intcodelo,powerup,init,end_init \
  -pramtop=0600h -psmallconst=SMALLCONST -pmediumconst=MEDIUMCONST \
  -pconst=CONST -AFARRAM=00h-00h -ACONFIG=0300000h-030000Dh -pconfig=CONFIG \
  -AIDLOC=0200000h-0200007h -pidloc=IDLOC -AEEDATA=0F00000h-0F000FFh \
  -peeprom_data=EEDATA \
  -prdata=COMRAM,nvrram=COMRAM,nvbit=COMRAM,rbss=COMRAM,rbit=COMRAM \
  -pfarbss=FARRAM,fardata=FARRAM,nvFARRAM=FARRAM \
  -pintsave_regs=BIGRAM,bigbss=BIGRAM,bigdata=BIGRAM -pbss=RAM \
  -pidata=CODE,irdata=CODE,ibigdata=CODE,ifardata=CODE \
  C:\Users\MoHiT\AppData\Local\Temp\s3tg.obj \
  dist/default/production\FRx.X.production.obj 

Object code version is 3.11

Machine type is 18F4520

Call graph: (short form)




                Name                               Link     Load   Length Selector   Space Scale
C:\Users\MoHiT\AppData\Local\Temp\s3tg.obj
                end_init                             14       14        4        4       0
                reset_vec                             0        0        4        0       0
                idloc                            200000   200000        8   200000       0
                config                           300000   300000        E   300000       0
dist/default/production\FRx.X.production.obj
                intcode                               8        8        C        4       0
                text7                               204      204       7A        4       0
                intcode_body                        27E      27E       76        4       0
                text5                               2F4      2F4       44        4       0
                text4                               374      374       3C        4       0
                text3                               3F2      3F2       12        4       0
                text2                               338      338       3C        4       0
                text1                               3B0      3B0       2C        4       0
                text0                                18       18      1EC        4       0
                cstackCOMRAM                         41       41       20        1       1
                bssCOMRAM                             1        1       40        1       1
                cinit                               3DC      3DC       16        4       0
                nvCOMRAM                             61       61        2        1       1

TOTAL           Name                               Link     Load   Length     Space
        CLASS   STACK          

        CLASS   CODE           
                end_init                             14       14        4         0
                intcode                               8        8        C         0
                reset_vec                             0        0        4         0
                text7                               204      204       7A         0
                intcode_body                        27E      27E       76         0
                text5                               2F4      2F4       44         0
                text4                               374      374       3C         0
                text3                               3F2      3F2       12         0
                text2                               338      338       3C         0
                text1                               3B0      3B0       2C         0
                text0                                18       18      1EC         0
                cinit                               3DC      3DC       16         0

        CLASS   CONST          

        CLASS   SMALLCONST     

        CLASS   MEDIUMCONST    

        CLASS   COMRAM         
                cstackCOMRAM                         41       41       20         1
                bssCOMRAM                             1        1       40         1
                nvCOMRAM                             61       61        2         1

        CLASS   ABS1           

        CLASS   BIGRAM         

        CLASS   RAM            

        CLASS   BANK0          

        CLASS   BANK1          

        CLASS   BANK2          

        CLASS   BANK3          

        CLASS   BANK4          

        CLASS   BANK5          

        CLASS   SFR            

        CLASS   FARRAM         

        CLASS   CONFIG         
                config                           300000   300000        E         0

        CLASS   IDLOC          
                idloc                            200000   200000        8         0

        CLASS   EEDATA         



SEGMENTS        Name                           Load    Length   Top    Selector   Space  Class

                reset_vec                      000000  000004  000004         0       0  CODE    
                bssCOMRAM                      000001  000062  000063         1       1  COMRAM  
                intcode                        000008  0003FC  000404         4       0  CODE    
                idloc                          200000  000008  200008    200000       0  IDLOC   
                config                         300000  00000E  30000E    300000       0  CONFIG  


UNUSED ADDRESS RANGES

        Name                Unused          Largest block    Delta
        BANK0            000080-0000FF               80
        BANK1            000100-0001FF              100
        BANK2            000200-0002FF              100
        BANK3            000300-0003FF              100
        BANK4            000400-0004FF              100
        BANK5            000500-0005FF              100
        BIGRAM           000063-0005FF              59D
        CODE             000004-000007                4
                         000404-007FFF             7BFC
        COMRAM           000063-00007F               1D
        CONST            000004-000007                4
                         000404-007FFF             7BFC
        EEDATA           F00000-F000FF              100
        MEDIUMCONST      000600-007FFF             7A00
        RAM              000080-0005FF              100
        SFR              000F80-000FFF               80
        SMALLCONST       000600-007FFF              100
        STACK            000080-0005FF              580

                                  Symbol Table

USARTHandleRxInt@data        cstackCOMRAM 000045
USARTInit@baud_rate          cstackCOMRAM 000054
USARTReadData@data           cstackCOMRAM 000054
_INTCONbits                  (abs)        000FF2
_ISR                         intcode      000008
_PEIE                        (abs)        007F96
_PIR1bits                    (abs)        000F9E
_PORTBbits                   (abs)        000F81
_PORTCbits                   (abs)        000F82
_PORTDbits                   (abs)        000F83
_RCIE                        (abs)        007CED
_RCIF                        (abs)        007CF5
_RCREG                       (abs)        000FAE
_RCSTAbits                   (abs)        000FAB
_SPBRG                       (abs)        000FAF
_TRISBbits                   (abs)        000F93
_TRISCbits                   (abs)        000F94
_TRISDbits                   (abs)        000F95
_TXREG                       (abs)        000FAD
_TXSTAbits                   (abs)        000FAC
_UQEnd                       nvCOMRAM     000061
_UQFront                     nvCOMRAM     000062
_URBuff                      bssCOMRAM    000001
_USARTDataAvailable          text5        0002F4
_USARTFlushBuffer            text3        0003F2
_USARTHandleRxInt            text7        000204
_USARTInit                   text2        000338
_USARTReadData               text4        000374
__CFG_BOREN$ON               (abs)        000000
__CFG_LVP$OFF                (abs)        000000
__CFG_OSC$HS                 (abs)        000000
__CFG_WDT$OFF                (abs)        000000
__HRAM                       (abs)        000000
__Habs1                      abs1         000000
__Hbank0                     bank0        000000
__Hbank1                     bank1        000000
__Hbank2                     bank2        000000
__Hbank3                     bank3        000000
__Hbank4                     bank4        000000
__Hbank5                     bank5        000000
__Hbigbss                    bigbss       000000
__Hbigdata                   bigdata      000000
__Hbigram                    bigram       000000
__Hbss                       bss          000000
__HbssCOMRAM                 bssCOMRAM    000000
__Hcinit                     cinit        000000
__Hclrtext                   clrtext      000000
__Hcomram                    comram       000000
__Hconfig                    config       30000E
__Hconst                     const        000000
__HcstackCOMRAM              cstackCOMRAM 000000
__Hdata                      data         000000
__Heeprom_data               eeprom_data  000000
__Hend_init                  end_init     000018
__Hfarbss                    farbss       000000
__Hfardata                   fardata      000000
__Hibigdata                  ibigdata     000000
__Hidata                     idata        000000
__Hidloc                     idloc        200008
__Hifardata                  ifardata     000000
__Hinit                      init         000014
__Hintcode                   intcode      000014
__Hintcode_body              intcode_body 000000
__Hintcodelo                 intcodelo    000014
__Hintentry                  intentry     000000
__Hintret                    intret       000000
__Hintsave_regs              intsave_regs 000000
__Hirdata                    irdata       000000
__Hmediumconst               mediumconst  000000
__HnvCOMRAM                  nvCOMRAM     000000
__HnvFARRAM                  nvFARRAM     000000
__Hnvbit                     nvbit        000000
__Hnvrram                    nvrram       000000
__Hparam                     rparam       000000
__Hpowerup                   powerup      000014
__Hram                       ram          000000
__Hramtop                    ramtop       000600
__Hrbit                      rbit         000000
__Hrbss                      rbss         000000
__Hrdata                     rdata        000000
__Hreset_vec                 reset_vec    000004
__Hrparam                    rparam       000000
__Hsfr                       sfr          000000
__Hsmallconst                smallconst   000000
__Hstack                     stack        000000
__Hstruct                    struct       000000
__Htemp                      temp         000000
__Htext                      text         000000
__Htext0                     text0        000000
__Htext1                     text1        000000
__Htext2                     text2        000000
__Htext3                     text3        000000
__Htext4                     text4        000000
__Htext5                     text5        000000
__Htext7                     text7        000000
__LRAM                       (abs)        000001
__Labs1                      abs1         000000
__Lbank0                     bank0        000000
__Lbank1                     bank1        000000
__Lbank2                     bank2        000000
__Lbank3                     bank3        000000
__Lbank4                     bank4        000000
__Lbank5                     bank5        000000
__Lbigbss                    bigbss       000000
__Lbigdata                   bigdata      000000
__Lbigram                    bigram       000000
__Lbss                       bss          000000
__LbssCOMRAM                 bssCOMRAM    000000
__Lcinit                     cinit        000000
__Lclrtext                   clrtext      000000
__Lcomram                    comram       000000
__Lconfig                    config       300000
__Lconst                     const        000000
__LcstackCOMRAM              cstackCOMRAM 000000
__Ldata                      data         000000
__Leeprom_data               eeprom_data  000000
__Lend_init                  end_init     000014
__Lfarbss                    farbss       000000
__Lfardata                   fardata      000000
__Libigdata                  ibigdata     000000
__Lidata                     idata        000000
__Lidloc                     idloc        200000
__Lifardata                  ifardata     000000
__Linit                      init         000014
__Lintcode                   intcode      000008
__Lintcode_body              intcode_body 000000
__Lintcodelo                 intcodelo    000014
__Lintentry                  intentry     000000
__Lintret                    intret       000000
__Lintsave_regs              intsave_regs 000000
__Lirdata                    irdata       000000
__Lmediumconst               mediumconst  000000
__LnvCOMRAM                  nvCOMRAM     000000
__LnvFARRAM                  nvFARRAM     000000
__Lnvbit                     nvbit        000000
__Lnvrram                    nvrram       000000
__Lparam                     rparam       000000
__Lpowerup                   powerup      000014
__Lram                       ram          000000
__Lramtop                    ramtop       000600
__Lrbit                      rbit         000000
__Lrbss                      rbss         000000
__Lrdata                     rdata        000000
__Lreset_vec                 reset_vec    000000
__Lrparam                    rparam       000000
__Lsfr                       sfr          000000
__Lsmallconst                smallconst   000000
__Lstack                     stack        000000
__Lstruct                    struct       000000
__Ltemp                      temp         000000
__Ltext                      text         000000
__Ltext0                     text0        000000
__Ltext1                     text1        000000
__Ltext2                     text2        000000
__Ltext3                     text3        000000
__Ltext4                     text4        000000
__Ltext5                     text5        000000
__Ltext7                     text7        000000
__S0                         (abs)        30000E
__S1                         (abs)        000063
__S2                         (abs)        000000
___inthi_sp                  stack        000000
___intlo_sp                  stack        000000
___sp                        stack        000000
__accesstop                  (abs)        000080
__activetblptr               (abs)        000002
__end_of_ISR                 intcode_body 0002F4
__end_of_USARTDataAvailable  text5        000338
__end_of_USARTFlushBuffer    text3        000404
__end_of_USARTHandleRxInt    text7        00027E
__end_of_USARTInit           text2        000374
__end_of_USARTReadData       text4        0003B0
__end_of__initialization     cinit        0003E8
__end_of_delay               text1        0003DC
__end_of_main                text0        000204
__initialization             cinit        0003DC
__mediumconst                mediumconst  000000
__pbssCOMRAM                 bssCOMRAM    000001
__pcinit                     cinit        0003DC
__pcstackCOMRAM              cstackCOMRAM 000041
__pintcode                   intcode      000008
__pintcode_body              intcode_body 00027E
__pnvCOMRAM                  nvCOMRAM     000061
__ptext0                     text0        000018
__ptext1                     text1        0003B0
__ptext2                     text2        000338
__ptext3                     text3        0003F2
__ptext4                     text4        000374
__ptext5                     text5        0002F4
__ptext7                     text7        000204
__ramtop                     ramtop       000600
__size_of_ISR                (abs)        000000
__size_of_USARTDataAvailable (abs)        000000
__size_of_USARTFlushBuffer   (abs)        000000
__size_of_USARTHandleRxInt   (abs)        000000
__size_of_USARTInit          (abs)        000000
__size_of_USARTReadData      (abs)        000000
__size_of_delay              (abs)        000000
__size_of_main               (abs)        000000
__smallconst                 smallconst   000000
_delay                       text1        0003B0
_main                        text0        000018
delay@DEL                    cstackCOMRAM 000054
delay@j                      cstackCOMRAM 000057
end_of_initialization        cinit        0003E8
int_func                     intcode_body 00027E
intlevel0                    text         000000
intlevel1                    text         000000
intlevel2                    text         000000
intlevel3                    text         000000
main@data                    cstackCOMRAM 000060
main@i                       cstackCOMRAM 00005F
main@packet                  cstackCOMRAM 00005A
stackhi                      (abs)        0005FF
stacklo                      (abs)        000080
start                        init         000014
start_initialization         cinit        0003DC


FUNCTION INFORMATION:

 *************** function _main *****************
 Defined at:
		line 27 in file "FRx.c"
 Parameters:    Size  Location     Type
		None
 Auto vars:     Size  Location     Type
  packet          5   25[COMRAM] unsigned char [5]
  data            1   31[COMRAM] unsigned char 
  i               1   30[COMRAM] unsigned char 
 Return value:  Size  Location     Type
		None               void
 Registers used:
		wreg, fsr0l, fsr0h, fsr1l, fsr1h, fsr1l, fsr1h, fsr2l, fsr2h, status,2, status,0, pclat, btemp, btemp+1, btemp+2, btemp+3, btemp+4, btemp+5, btemp+6, btemp+7, btemp+8, btemp+9, btemp+10, btemp+11, tosl, structret, tblptrl, tblptrh, tblptru, prodl, prodh, bsr, cstack
 Tracked objects:
		On entry : 
		On exit  : 
		Unchanged: 
 Data sizes:     COMRAM   BANK0   BANK1   BANK2   BANK3   BANK4   BANK5
      Params:         0       0       0       0       0       0       0
      Locals:         7       0       0       0       0       0       0
      Temps:          1       0       0       0       0       0       0
      Totals:         8       0       0       0       0       0       0
Total ram usage:        8 bytes
 Hardware stack levels required when called:    4
 This function calls:
		_USARTDataAvailable
		_USARTFlushBuffer
		_USARTInit
		_USARTReadData
		_delay
 This function is called by:
		Startup code after reset
 This function uses a non-reentrant model


 *************** function _delay *****************
 Defined at:
		line 127 in file "FRx.c"
 Parameters:    Size  Location     Type
  DEL             2   19[COMRAM] unsigned int 
 Auto vars:     Size  Location     Type
  j               2   22[COMRAM] int 
 Return value:  Size  Location     Type
		None               void
 Registers used:
		wreg, status,2, status,0
 Tracked objects:
		On entry : 
		On exit  : 
		Unchanged: 
 Data sizes:     COMRAM   BANK0   BANK1   BANK2   BANK3   BANK4   BANK5
      Params:         2       0       0       0       0       0       0
      Locals:         2       0       0       0       0       0       0
      Temps:          1       0       0       0       0       0       0
      Totals:         5       0       0       0       0       0       0
Total ram usage:        5 bytes
 Hardware stack levels used:    1
 Hardware stack levels required when called:    2
 This function calls:
		Nothing
 This function is called by:
		_main
		_sig
 This function uses a non-reentrant model


 *************** function _USARTInit *****************
 Defined at:
		line 4 in file "USART.c"
 Parameters:    Size  Location     Type
  baud_rate       2   19[COMRAM] unsigned int 
 Auto vars:     Size  Location     Type
		None
 Return value:  Size  Location     Type
		None               void
 Registers used:
		wreg, status,2, status,0
 Tracked objects:
		On entry : 
		On exit  : 
		Unchanged: 
 Data sizes:     COMRAM   BANK0   BANK1   BANK2   BANK3   BANK4   BANK5
      Params:         2       0       0       0       0       0       0
      Locals:         0       0       0       0       0       0       0
      Temps:          2       0       0       0       0       0       0
      Totals:         4       0       0       0       0       0       0
Total ram usage:        4 bytes
 Hardware stack levels used:    1
 Hardware stack levels required when called:    2
 This function calls:
		Nothing
 This function is called by:
		_main
 This function uses a non-reentrant model


 *************** function _USARTFlushBuffer *****************
 Defined at:
		line 126 in file "USART.c"
 Parameters:    Size  Location     Type
		None
 Auto vars:     Size  Location     Type
		None
 Return value:  Size  Location     Type
		None               void
 Registers used:
		wreg, fsr2l, fsr2h, status,2, status,0, prodl, prodh, cstack
 Tracked objects:
		On entry : 
		On exit  : 
		Unchanged: 
 Data sizes:     COMRAM   BANK0   BANK1   BANK2   BANK3   BANK4   BANK5
      Params:         0       0       0       0       0       0       0
      Locals:         0       0       0       0       0       0       0
      Temps:          0       0       0       0       0       0       0
      Totals:         0       0       0       0       0       0       0
Total ram usage:        0 bytes
 Hardware stack levels used:    1
 Hardware stack levels required when called:    3
 This function calls:
		_USARTDataAvailable
		_USARTReadData
 This function is called by:
		_main
 This function uses a non-reentrant model


 *************** function _USARTReadData *****************
 Defined at:
		line 79 in file "USART.c"
 Parameters:    Size  Location     Type
		None
 Auto vars:     Size  Location     Type
  data            1   19[COMRAM] unsigned char 
 Return value:  Size  Location     Type
                  1    wreg      unsigned char 
 Registers used:
		wreg, fsr2l, fsr2h, status,2, status,0, prodl, prodh
 Tracked objects:
		On entry : 
		On exit  : 
		Unchanged: 
 Data sizes:     COMRAM   BANK0   BANK1   BANK2   BANK3   BANK4   BANK5
      Params:         0       0       0       0       0       0       0
      Locals:         1       0       0       0       0       0       0
      Temps:          0       0       0       0       0       0       0
      Totals:         1       0       0       0       0       0       0
Total ram usage:        1 bytes
 Hardware stack levels used:    1
 Hardware stack levels required when called:    2
 This function calls:
		Nothing
 This function is called by:
		_main
		_USARTFlushBuffer
		_USARTReadBuffer
 This function uses a non-reentrant model


 *************** function _USARTDataAvailable *****************
 Defined at:
		line 102 in file "USART.c"
 Parameters:    Size  Location     Type
		None
 Auto vars:     Size  Location     Type
		None
 Return value:  Size  Location     Type
                  1    wreg      unsigned char 
 Registers used:
		wreg, status,2, status,0
 Tracked objects:
		On entry : 
		On exit  : 
		Unchanged: 
 Data sizes:     COMRAM   BANK0   BANK1   BANK2   BANK3   BANK4   BANK5
      Params:         0       0       0       0       0       0       0
      Locals:         0       0       0       0       0       0       0
      Temps:          1       0       0       0       0       0       0
      Totals:         1       0       0       0       0       0       0
Total ram usage:        1 bytes
 Hardware stack levels used:    1
 Hardware stack levels required when called:    2
 This function calls:
		Nothing
 This function is called by:
		_main
		_USARTFlushBuffer
 This function uses a non-reentrant model


 *************** function _ISR *****************
 Defined at:
		line 31 in file "USART.c"
 Parameters:    Size  Location     Type
		None
 Auto vars:     Size  Location     Type
		None
 Return value:  Size  Location     Type
		None               void
 Registers used:
		wreg, fsr2l, fsr2h, status,2, status,0, prodl, prodh, cstack
 Tracked objects:
		On entry : 
		On exit  : 
		Unchanged: 
 Data sizes:     COMRAM   BANK0   BANK1   BANK2   BANK3   BANK4   BANK5
      Params:         0       0       0       0       0       0       0
      Locals:         0       0       0       0       0       0       0
      Temps:         14       0       0       0       0       0       0
      Totals:        14       0       0       0       0       0       0
Total ram usage:       14 bytes
 Hardware stack levels used:    1
 Hardware stack levels required when called:    1
 This function calls:
		_USARTHandleRxInt
 This function is called by:
		Interrupt level 2
 This function uses a non-reentrant model


 *************** function _USARTHandleRxInt *****************
 Defined at:
		line 60 in file "USART.c"
 Parameters:    Size  Location     Type
		None
 Auto vars:     Size  Location     Type
  data            1    4[COMRAM] unsigned char 
 Return value:  Size  Location     Type
		None               void
 Registers used:
		wreg, fsr2l, fsr2h, status,2, status,0, prodl, prodh
 Tracked objects:
		On entry : 
		On exit  : 
		Unchanged: 
 Data sizes:     COMRAM   BANK0   BANK1   BANK2   BANK3   BANK4   BANK5
      Params:         0       0       0       0       0       0       0
      Locals:         1       0       0       0       0       0       0
      Temps:          4       0       0       0       0       0       0
      Totals:         5       0       0       0       0       0       0
Total ram usage:        5 bytes
 Hardware stack levels used:    1
 This function calls:
		Nothing
 This function is called by:
		_ISR
 This function uses a non-reentrant model



MODULE INFORMATION

Module		Function		Class		Link	Load	Size
shared
		__initializatio		CODE           	03DC	0000	12

shared estimated size: 12

USART.c
		_ISR           		CODE           	0008	0000	748
		_USARTDataAvail		CODE           	02F4	0000	68
		_USARTFlushBuff		CODE           	03F2	0000	18
		_USARTHandleRxI		CODE           	0204	0000	122
		_USARTInit     		CODE           	0338	0000	60
		_USARTReadData 		CODE           	0374	0000	60

USART.c estimated size: 1076

FRx.c
		_delay         		CODE           	03B0	0000	44
		_main          		CODE           	0018	0000	492

FRx.c estimated size: 536

